// Jest Snapshot v1, https://goo.gl/fbAQLP

exports[`landing component snapshot with Enzyme 1`] = `
<div>
  <Row
    noGutters={false}
  >
    <Header />
  </Row>
  <Row
    noGutters={false}
  >
    <Col>
       
    </Col>
    <Col
      xs={6}
    >
      <CityButton />
    </Col>
    <Col>
       
    </Col>
  </Row>
  <Row
    noGutters={false}
  >
    <Footer />
  </Row>
</div>
`;
